11:55:55 > DEBUG > SP API: Request
Array
(
    [10002] => https://mwsops.common-services.com/v201/
    [47] => 1
    [10018] => Common-Services/Amazon Marketplace (Language=PHP/7.4.33)
    [19913] => 1
    [78] => 20
    [13] => 60
    [45] => 1
    [52] => 1
    [68] => 10
    [10023] => Array
        (
            [0] => Cs-Platform: Prestashop
            [1] => Cs-Refresh-Token: Atzr|IwEBIO_-KrgSI4Mt79QiotO2PQYQ1V13vHGckEYmu_oSDxf_teWvBpvazI9zIyhClj-9NggIRwipybOYyFMBsMIANGu5rTP8qcrz0V94-4AXfDe2oEgkXPx6ZbEDKvNpuC8ZLkMKhMcaJHK-HzEq6i4F3GGs9j-r9JIkQHLeh3KLrPohVx5SzLQHxjyarG_sQ5biTr0_o1kjKlffHP4TNJAkeHUhrt8lVSJb6YpJHwYOhfO5OCHSMtwEcs8QDY3ijGjb2PCidzBvsg-DTsqIAvZ14My2TwnJetmgy9PkGEaUAtVHv-64eNVb-UwYBx2hxSSjK-dFfooAQA3tflzB5kAKOn7B
            [2] => Cs-Region: eu-west-1
            [3] => Cs-Seller-Id: A2XWU2BK4HBLR0
            [4] => Cs-Api-Type: getFeedById
            [5] => Cs-Api-Sandbox: 0
            [6] => Content-Type: application/json
        )

    [10015] => {"feed_id":"50017019786","requester":{"php_version":"7.4.33","platform_version":"1.7.8.9","connector_version":"5.3.36","domain":"hyaluronicfillermarket.com","license":"pdAMAZON","seller_id":"A2XWU2BK4HBLR0","ip":""}}
)

11:55:56 > DEBUG > SP API: Response
Array
(
    [raw] => {"payload":{"compression_algo":null,"resource_url":"https:\/\/tortuga-prod-eu.s3-eu-west-1.amazonaws.com\/07068f69-65a5-43b0-9dcb-523f42868319.amzn1.tortuga.4.eu.T3SZSK8MV7NYHD?X-Amz-Algorithm=AWS4-HMAC-SHA256&X-Amz-Date=20240304T105556Z&X-Amz-SignedHeaders=host&X-Amz-Expires=300&X-Amz-Credential=AKIAX2ZVOZFBLRVE6O7G%2F20240304%2Feu-west-1%2Fs3%2Faws4_request&X-Amz-Signature=54373de5684c04fd40c53a7295257d2570011fe3a5d9aa44143c7bc61364194a"}}
)

