22:47:49 > DEBUG > Get list request
Array
(
    [marketplace_ids] => Array
        (
            [0] => A13V1IB3VIYZZH
        )

    [created_after] => 
    [created_before] => 
    [last_updated_after] => 
    [last_updated_before] => 
    [order_statuses] => 
    [fulfillment_channels] => 
    [amazon_order_ids] => Array
        (
            [0] => 171-1783175-0246720
        )

    [max_results_per_page] => 100
)

22:47:49 > DEBUG > SP API: Request
Array
(
    [10002] => https://mwsops.common-services.com/v201/
    [47] => 1
    [10018] => Common-Services/Amazon Marketplace (Language=PHP/7.4.33)
    [19913] => 1
    [78] => 20
    [13] => 60
    [45] => 1
    [52] => 1
    [68] => 10
    [10023] => Array
        (
            [0] => Cs-Platform: Prestashop
            [1] => Cs-Refresh-Token: Atzr|IwEBIO_-KrgSI4Mt79QiotO2PQYQ1V13vHGckEYmu_oSDxf_teWvBpvazI9zIyhClj-9NggIRwipybOYyFMBsMIANGu5rTP8qcrz0V94-4AXfDe2oEgkXPx6ZbEDKvNpuC8ZLkMKhMcaJHK-HzEq6i4F3GGs9j-r9JIkQHLeh3KLrPohVx5SzLQHxjyarG_sQ5biTr0_o1kjKlffHP4TNJAkeHUhrt8lVSJb6YpJHwYOhfO5OCHSMtwEcs8QDY3ijGjb2PCidzBvsg-DTsqIAvZ14My2TwnJetmgy9PkGEaUAtVHv-64eNVb-UwYBx2hxSSjK-dFfooAQA3tflzB5kAKOn7B
            [2] => Cs-Region: eu-west-1
            [3] => Cs-Seller-Id: A2XWU2BK4HBLR0
            [4] => Cs-Api-Type: getOrders
            [5] => Cs-Api-Sandbox: 0
            [6] => Content-Type: application/json
        )

    [10015] => {"marketplace_ids":["A13V1IB3VIYZZH"],"created_after":null,"created_before":null,"last_updated_after":null,"last_updated_before":null,"order_statuses":null,"fulfillment_channels":null,"amazon_order_ids":["171-1783175-0246720"],"max_results_per_page":100,"requester":{"php_version":"7.4.33","platform_version":"1.7.8.9","connector_version":"5.3.36","domain":"hyaluronicfillermarket.com","license":"pdAMAZON","seller_id":"A2XWU2BK4HBLR0","ip":""}}
)

22:47:49 > DEBUG > SP API: Response
Array
(
    [raw] => {
    "payload": {
        "Orders": [
            {
                "AmazonOrderId": "171-1783175-0246720",
                "PurchaseDate": "2024-04-01T19:10:44Z",
                "LastUpdateDate": "2024-04-01T19:46:29Z",
                "OrderStatus": "Unshipped",
                "FulfillmentChannel": "MFN",
                "SalesChannel": "Amazon.fr",
                "ShipServiceLevel": "Std FR Dom_1",
                "OrderTotal": {
                    "CurrencyCode": "EUR",
                    "Amount": "110.00"
                },
                "NumberOfItemsShipped": 0,
                "NumberOfItemsUnshipped": 1,
                "PaymentMethod": "Other",
                "PaymentMethodDetails": [
                    "Standard"
                ],
                "MarketplaceId": "A13V1IB3VIYZZH",
                "ShipmentServiceLevelCategory": "Standard",
                "OrderType": "StandardOrder",
                "EarliestShipDate": "2024-04-01T22:00:00Z",
                "LatestShipDate": "2024-04-02T21:59:59Z",
                "EarliestDeliveryDate": "2024-04-03T22:00:00Z",
                "LatestDeliveryDate": "2024-04-05T21:59:59Z",
                "IsBusinessOrder": false,
                "IsPrime": false,
                "IsPremiumOrder": false,
                "IsGlobalExpressEnabled": false,
                "IsReplacementOrder": false,
                "IsSoldByAB": false,
                "DefaultShipFromLocationAddress": {
                    "Name": "la pharmacie saint denis",
                    "AddressLine1": "28 rue saint denis",
                    "City": "colombes",
                    "PostalCode": "92700",
                    "CountryCode": "FR"
                },
                "IsISPU": false,
                "IsAccessPointOrder": false,
                "ShippingAddress": {
                    "Name": "hector veronique",
                    "AddressLine1": "735 B Chemin du Mas d'Avon",
                    "AddressLine2": "Double portail gris",
                    "City": "Aigues Mortes",
                    "PostalCode": "30220",
                    "CountryCode": "FR",
                    "Phone": "0666861627",
                    "AddressType": "Residential"
                },
                "BuyerInfo": {
                    "BuyerEmail": "gl9mhbpxvd2b3nc@marketplace.amazon.fr",
                    "BuyerName": "hector veronique"
                },
                "AutomatedShippingSettings": {
                    "HasAutomatedShippingSettings": true
                },
                "HasRegulatedItems": false
            }
        ]
    }
}
)

22:47:49 > DEBUG > Get list request
Array
(
    [amazon_order_id] => 171-1783175-0246720
)

22:47:49 > DEBUG > SP API: Request
Array
(
    [10002] => https://mwsops.common-services.com/v201/
    [47] => 1
    [10018] => Common-Services/Amazon Marketplace (Language=PHP/7.4.33)
    [19913] => 1
    [78] => 20
    [13] => 60
    [45] => 1
    [52] => 1
    [68] => 10
    [10023] => Array
        (
            [0] => Cs-Platform: Prestashop
            [1] => Cs-Refresh-Token: Atzr|IwEBIO_-KrgSI4Mt79QiotO2PQYQ1V13vHGckEYmu_oSDxf_teWvBpvazI9zIyhClj-9NggIRwipybOYyFMBsMIANGu5rTP8qcrz0V94-4AXfDe2oEgkXPx6ZbEDKvNpuC8ZLkMKhMcaJHK-HzEq6i4F3GGs9j-r9JIkQHLeh3KLrPohVx5SzLQHxjyarG_sQ5biTr0_o1kjKlffHP4TNJAkeHUhrt8lVSJb6YpJHwYOhfO5OCHSMtwEcs8QDY3ijGjb2PCidzBvsg-DTsqIAvZ14My2TwnJetmgy9PkGEaUAtVHv-64eNVb-UwYBx2hxSSjK-dFfooAQA3tflzB5kAKOn7B
            [2] => Cs-Region: eu-west-1
            [3] => Cs-Seller-Id: A2XWU2BK4HBLR0
            [4] => Cs-Api-Type: getOrderItems
            [5] => Cs-Api-Sandbox: 0
            [6] => Content-Type: application/json
        )

    [10015] => {"amazon_order_id":"171-1783175-0246720","requester":{"php_version":"7.4.33","platform_version":"1.7.8.9","connector_version":"5.3.36","domain":"hyaluronicfillermarket.com","license":"pdAMAZON","seller_id":"A2XWU2BK4HBLR0","ip":""}}
)

22:47:50 > DEBUG > SP API: Response
Array
(
    [raw] => {
    "payload": {
        "OrderItems": [
            {
                "ASIN": "B08LGZ9ZH1",
                "SellerSKU": "86-T4RY-XUV2",
                "OrderItemId": "37063332684722",
                "Title": "Resty lane Kysse",
                "QuantityOrdered": 1,
                "QuantityShipped": 0,
                "ProductInfo": {
                    "NumberOfItems": 1
                },
                "ItemPrice": {
                    "CurrencyCode": "EUR",
                    "Amount": "103.00"
                },
                "ShippingPrice": {
                    "CurrencyCode": "EUR",
                    "Amount": "7.00"
                },
                "ItemTax": {
                    "CurrencyCode": "EUR",
                    "Amount": "0.00"
                },
                "ShippingTax": {
                    "CurrencyCode": "EUR",
                    "Amount": "0.00"
                },
                "ShippingDiscount": {
                    "CurrencyCode": "EUR",
                    "Amount": "0.00"
                },
                "ShippingDiscountTax": {
                    "CurrencyCode": "EUR",
                    "Amount": "0.00"
                },
                "PromotionDiscount": {
                    "CurrencyCode": "EUR",
                    "Amount": "0.00"
                },
                "PromotionDiscountTax": {
                    "CurrencyCode": "EUR",
                    "Amount": "0.00"
                },
                "IsGift": false,
                "ConditionId": "New",
                "ConditionSubtypeId": "New",
                "IsTransparency": false,
                "BuyerInfo": {},
                "BuyerRequestedCancel": {
                    "IsBuyerRequestedCancel": false,
                    "BuyerCancelReason": ""
                }
            }
        ],
        "AmazonOrderId": "171-1783175-0246720"
    }
}
)

22:47:55 > DEBUG > SP API: Request
Array
(
    [10002] => https://mwsops.common-services.com/v201/
    [47] => 1
    [10018] => Common-Services/Amazon Marketplace (Language=PHP/7.4.33)
    [19913] => 1
    [78] => 20
    [13] => 60
    [45] => 1
    [52] => 1
    [68] => 10
    [10023] => Array
        (
            [0] => Cs-Platform: Prestashop
            [1] => Cs-Refresh-Token: Atzr|IwEBIO_-KrgSI4Mt79QiotO2PQYQ1V13vHGckEYmu_oSDxf_teWvBpvazI9zIyhClj-9NggIRwipybOYyFMBsMIANGu5rTP8qcrz0V94-4AXfDe2oEgkXPx6ZbEDKvNpuC8ZLkMKhMcaJHK-HzEq6i4F3GGs9j-r9JIkQHLeh3KLrPohVx5SzLQHxjyarG_sQ5biTr0_o1kjKlffHP4TNJAkeHUhrt8lVSJb6YpJHwYOhfO5OCHSMtwEcs8QDY3ijGjb2PCidzBvsg-DTsqIAvZ14My2TwnJetmgy9PkGEaUAtVHv-64eNVb-UwYBx2hxSSjK-dFfooAQA3tflzB5kAKOn7B
            [2] => Cs-Region: eu-west-1
            [3] => Cs-Seller-Id: A2XWU2BK4HBLR0
            [4] => Cs-Api-Type: submitFeed
            [5] => Cs-Api-Sandbox: 0
            [6] => Content-Type: application/json
        )

    [10015] => {"marketplace_ids":["A13V1IB3VIYZZH"],"feed_type":"POST_ORDER_ACKNOWLEDGEMENT_DATA","feed_content":"<?xml version=\"1.0\"?>\n<AmazonEnvelope xmlns:xsi=\"http:\/\/www.w3.org\/2001\/XMLSchema-instance\" xsi:noNamespaceSchemaLocation=\"amzn-envelope.xsd\"><Header><DocumentVersion>1.01<\/DocumentVersion><MerchantIdentifier>A2XWU2BK4HBLR0<\/MerchantIdentifier><\/Header><MessageType>OrderAcknowledgement<\/MessageType><Message><MessageID>1<\/MessageID><OrderAcknowledgement><AmazonOrderID>171-1783175-0246720<\/AmazonOrderID><MerchantOrderID>32380<\/MerchantOrderID><StatusCode>Success<\/StatusCode><\/OrderAcknowledgement><\/Message><\/AmazonEnvelope>\n","feed_options":null,"feed_source":"","requester":{"php_version":"7.4.33","platform_version":"1.7.8.9","connector_version":"5.3.36","domain":"hyaluronicfillermarket.com","license":"pdAMAZON","seller_id":"A2XWU2BK4HBLR0","ip":""}}
)

22:47:56 > DEBUG > SP API: Response
Array
(
    [raw] => {
    "feedId": "50043019814"
}
)

22:47:56 > DEBUG > Importing order: 171-1783175-0246720
Looking up state / region for zipcode: 30220, country id: 8
Not found any suitable state
EU sale to other country: 
Item price calculated: Array
(
    [0] => Item tax: AmazonOrderImportingPsTax Object
(
    [rate] => 20
    [id_tax_rules_group] => 54
    [id_tax] => 
)

    [1] => stdClass Object
(
    [active] => 
    [id_tax_rule] => 
    [id_country] => 
)

    [2] => Use tax: 1
    [3] => Is business order: 
    [4] => Item has tax: 
    [5] => EU sale to other country: 
    [6] => Force calculate tax on business order: 
)

Shipping price directly from Amazon: Array
(
    [0] => Shipping tax: AmazonOrderImportingPrices Object
(
    [taxIncl] => 7
    [taxExcl] => 5.83
    [taxAmount] => 0
    [taxRate] => 20
    [consistent:protected] => 1
)

    [1] => stdClass Object
(
    [active] => 
    [id_tax_rule] => 
    [id_country] => 
)

)

The list before send acknowledge orders
[{"amz_id":"171-1783175-0246720","seller_id":32380,"mkp":"A13V1IB3VIYZZH"}]
Sending feed successfully. Type: OrderAcknowledge, ID: 50043019814. Feed content is in: 2024-04-01-50043019814
Cron import
{"orders":{"171-1783175-0246720":{"products":[{"SKU":"86-T4RY-XUV2","ASIN":"B08LGZ9ZH1","OrderItemId":"37063332684722","product":"Resty lane Kysse","quantity":1,"currency":"EUR","price":"103,00\u00a0\u20ac","id_product":49,"id_product_attribute":null}],"link":"<a href=\"?tab=AdminOrders&id_order=32380&vieworder&token=41e8e8557e67017da5d3926ec56eb871\" title=\"\" target=\"_blank\" >171-1783175-0246720 (32380)<\/a>","merchant_order_id":32380,"marketplace":"A13V1IB3VIYZZH","status":true,"purchase_date":"2024-04-01T19:10:44Z"}},"count":1,"error":false,"errors":[],"warning":false,"warnings":[],"message":0,"messages":[]}

