10:41:54 > DEBUG > Get list request
Array
(
    [marketplace_ids] => Array
        (
            [0] => A13V1IB3VIYZZH
            [1] => A1F83G8C2ARO7P
        )

    [created_after] => 
    [created_before] => 
    [last_updated_after] => 
    [last_updated_before] => 
    [order_statuses] => 
    [fulfillment_channels] => 
    [amazon_order_ids] => Array
        (
            [0] => 206-1029448-5981111
        )

    [max_results_per_page] => 100
)

10:41:54 > DEBUG > SP API: Request
Array
(
    [10002] => https://mwsops.common-services.com/v201/
    [47] => 1
    [10018] => Common-Services/Amazon Marketplace (Language=PHP/7.4.33)
    [19913] => 1
    [78] => 20
    [13] => 60
    [45] => 1
    [52] => 1
    [68] => 10
    [10023] => Array
        (
            [0] => Cs-Platform: Prestashop
            [1] => Cs-Refresh-Token: Atzr|IwEBIO_-KrgSI4Mt79QiotO2PQYQ1V13vHGckEYmu_oSDxf_teWvBpvazI9zIyhClj-9NggIRwipybOYyFMBsMIANGu5rTP8qcrz0V94-4AXfDe2oEgkXPx6ZbEDKvNpuC8ZLkMKhMcaJHK-HzEq6i4F3GGs9j-r9JIkQHLeh3KLrPohVx5SzLQHxjyarG_sQ5biTr0_o1kjKlffHP4TNJAkeHUhrt8lVSJb6YpJHwYOhfO5OCHSMtwEcs8QDY3ijGjb2PCidzBvsg-DTsqIAvZ14My2TwnJetmgy9PkGEaUAtVHv-64eNVb-UwYBx2hxSSjK-dFfooAQA3tflzB5kAKOn7B
            [2] => Cs-Region: eu-west-1
            [3] => Cs-Seller-Id: A2XWU2BK4HBLR0
            [4] => Cs-Api-Type: getOrders
            [5] => Cs-Api-Sandbox: 0
            [6] => Content-Type: application/json
        )

    [10015] => {"marketplace_ids":["A13V1IB3VIYZZH","A1F83G8C2ARO7P"],"created_after":null,"created_before":null,"last_updated_after":null,"last_updated_before":null,"order_statuses":null,"fulfillment_channels":null,"amazon_order_ids":["206-1029448-5981111"],"max_results_per_page":100,"requester":{"php_version":"7.4.33","platform_version":"1.7.8.9","connector_version":"5.3.36","domain":"hyaluronicfillermarket.com","license":"pdAMAZON","seller_id":"A2XWU2BK4HBLR0","ip":""}}
)

10:41:55 > DEBUG > SP API: Response
Array
(
    [raw] => {
    "payload": {
        "Orders": [
            {
                "AmazonOrderId": "206-1029448-5981111",
                "PurchaseDate": "2024-04-10T09:51:55Z",
                "LastUpdateDate": "2024-04-10T23:19:44Z",
                "OrderStatus": "Unshipped",
                "FulfillmentChannel": "MFN",
                "SalesChannel": "Amazon.co.uk",
                "ShipServiceLevel": "Std UK Dom_3",
                "OrderTotal": {
                    "CurrencyCode": "GBP",
                    "Amount": "176.44"
                },
                "NumberOfItemsShipped": 0,
                "NumberOfItemsUnshipped": 2,
                "PaymentMethod": "Other",
                "PaymentMethodDetails": [
                    "Standard"
                ],
                "MarketplaceId": "A1F83G8C2ARO7P",
                "ShipmentServiceLevelCategory": "Standard",
                "OrderType": "StandardOrder",
                "EarliestShipDate": "2024-04-10T23:00:00Z",
                "LatestShipDate": "2024-04-11T22:59:59Z",
                "EarliestDeliveryDate": "2024-04-16T23:00:00Z",
                "LatestDeliveryDate": "2024-04-19T22:59:59Z",
                "IsBusinessOrder": false,
                "IsPrime": false,
                "IsPremiumOrder": false,
                "IsGlobalExpressEnabled": false,
                "IsReplacementOrder": false,
                "IsSoldByAB": false,
                "DefaultShipFromLocationAddress": {
                    "Name": "la pharmacie saint denis",
                    "AddressLine1": "28 rue saint denis",
                    "City": "colombes",
                    "PostalCode": "92700",
                    "CountryCode": "FR"
                },
                "IsISPU": false,
                "IsAccessPointOrder": false,
                "ShippingAddress": {
                    "Name": "Shirley Parsons-Holland",
                    "AddressLine1": "33 WAINGROVES RD",
                    "City": "WAINGROVES",
                    "County": "Derbyshire",
                    "PostalCode": "DE5 9TB",
                    "CountryCode": "GB",
                    "Phone": "07907825617",
                    "AddressType": "Residential"
                },
                "BuyerInfo": {
                    "BuyerEmail": "swsr24rfgxfy42s@marketplace.amazon.co.uk",
                    "BuyerName": "Shirley Parsons-Holland"
                },
                "AutomatedShippingSettings": {
                    "HasAutomatedShippingSettings": false
                },
                "HasRegulatedItems": false
            }
        ]
    }
}
)

10:41:55 > DEBUG > Get list request
Array
(
    [amazon_order_id] => 206-1029448-5981111
)

10:41:55 > DEBUG > SP API: Request
Array
(
    [10002] => https://mwsops.common-services.com/v201/
    [47] => 1
    [10018] => Common-Services/Amazon Marketplace (Language=PHP/7.4.33)
    [19913] => 1
    [78] => 20
    [13] => 60
    [45] => 1
    [52] => 1
    [68] => 10
    [10023] => Array
        (
            [0] => Cs-Platform: Prestashop
            [1] => Cs-Refresh-Token: Atzr|IwEBIO_-KrgSI4Mt79QiotO2PQYQ1V13vHGckEYmu_oSDxf_teWvBpvazI9zIyhClj-9NggIRwipybOYyFMBsMIANGu5rTP8qcrz0V94-4AXfDe2oEgkXPx6ZbEDKvNpuC8ZLkMKhMcaJHK-HzEq6i4F3GGs9j-r9JIkQHLeh3KLrPohVx5SzLQHxjyarG_sQ5biTr0_o1kjKlffHP4TNJAkeHUhrt8lVSJb6YpJHwYOhfO5OCHSMtwEcs8QDY3ijGjb2PCidzBvsg-DTsqIAvZ14My2TwnJetmgy9PkGEaUAtVHv-64eNVb-UwYBx2hxSSjK-dFfooAQA3tflzB5kAKOn7B
            [2] => Cs-Region: eu-west-1
            [3] => Cs-Seller-Id: A2XWU2BK4HBLR0
            [4] => Cs-Api-Type: getOrderItems
            [5] => Cs-Api-Sandbox: 0
            [6] => Content-Type: application/json
        )

    [10015] => {"amazon_order_id":"206-1029448-5981111","requester":{"php_version":"7.4.33","platform_version":"1.7.8.9","connector_version":"5.3.36","domain":"hyaluronicfillermarket.com","license":"pdAMAZON","seller_id":"A2XWU2BK4HBLR0","ip":""}}
)

10:41:56 > DEBUG > SP API: Response
Array
(
    [raw] => {
    "payload": {
        "OrderItems": [
            {
                "ASIN": "B08LGZ9ZH1",
                "SellerSKU": "86-T4RY-XUV2",
                "OrderItemId": "37299156601642",
                "Title": "Restylane Kysse",
                "QuantityOrdered": 2,
                "QuantityShipped": 0,
                "ProductInfo": {
                    "NumberOfItems": 1
                },
                "ItemPrice": {
                    "CurrencyCode": "GBP",
                    "Amount": "176.44"
                },
                "ItemTax": {
                    "CurrencyCode": "GBP",
                    "Amount": "0.00"
                },
                "PromotionDiscount": {
                    "CurrencyCode": "GBP",
                    "Amount": "0.00"
                },
                "PromotionDiscountTax": {
                    "CurrencyCode": "GBP",
                    "Amount": "0.00"
                },
                "IsGift": false,
                "ConditionId": "New",
                "ConditionSubtypeId": "New",
                "IsTransparency": false,
                "BuyerInfo": {},
                "BuyerRequestedCancel": {
                    "IsBuyerRequestedCancel": false,
                    "BuyerCancelReason": ""
                }
            }
        ],
        "AmazonOrderId": "206-1029448-5981111"
    }
}
)

10:41:56 > DEBUG > Importing order: 206-1029448-5981111
Looking up state / region for zipcode: DE5 9TB, country id: 17
Not found any suitable state
Cron import
{"orders":{"206-1029448-5981111":{"status":false,"reason":"Unable to associate the carrier","purchase_date":"2024-04-10T09:51:55Z","marketplace":"A1F83G8C2ARO7P"}},"count":1,"error":true,"errors":["Unable to associate the carrier (Std UK Dom_3) for order #206-1029448-5981111<div class=\"support-msg\">Support en ligne trouv\u00e9 \u00e0 ce sujet, Cliquez sur ce lien pour obtenir un support: <a href=\"https:\/\/documentation.common-services.com\/amazonv5?p=474&lang=fr\" title=\"Documentation en ligne sur la marketplace Amazon pour Prestashop\" target=\"_blank\">https:\/\/documentation.common-services.com\/amazonv5?p=474&lang=fr<\/a>\n<\/div>"],"warning":false,"warnings":[],"message":0,"messages":[]}

10:44:24 > DEBUG > Get list request
Array
(
    [marketplace_ids] => Array
        (
            [0] => A13V1IB3VIYZZH
            [1] => A1F83G8C2ARO7P
        )

    [created_after] => 
    [created_before] => 
    [last_updated_after] => 
    [last_updated_before] => 
    [order_statuses] => 
    [fulfillment_channels] => 
    [amazon_order_ids] => Array
        (
            [0] => 206-1029448-5981111
        )

    [max_results_per_page] => 100
)

10:44:24 > DEBUG > SP API: Request
Array
(
    [10002] => https://mwsops.common-services.com/v201/
    [47] => 1
    [10018] => Common-Services/Amazon Marketplace (Language=PHP/7.4.33)
    [19913] => 1
    [78] => 20
    [13] => 60
    [45] => 1
    [52] => 1
    [68] => 10
    [10023] => Array
        (
            [0] => Cs-Platform: Prestashop
            [1] => Cs-Refresh-Token: Atzr|IwEBIO_-KrgSI4Mt79QiotO2PQYQ1V13vHGckEYmu_oSDxf_teWvBpvazI9zIyhClj-9NggIRwipybOYyFMBsMIANGu5rTP8qcrz0V94-4AXfDe2oEgkXPx6ZbEDKvNpuC8ZLkMKhMcaJHK-HzEq6i4F3GGs9j-r9JIkQHLeh3KLrPohVx5SzLQHxjyarG_sQ5biTr0_o1kjKlffHP4TNJAkeHUhrt8lVSJb6YpJHwYOhfO5OCHSMtwEcs8QDY3ijGjb2PCidzBvsg-DTsqIAvZ14My2TwnJetmgy9PkGEaUAtVHv-64eNVb-UwYBx2hxSSjK-dFfooAQA3tflzB5kAKOn7B
            [2] => Cs-Region: eu-west-1
            [3] => Cs-Seller-Id: A2XWU2BK4HBLR0
            [4] => Cs-Api-Type: getOrders
            [5] => Cs-Api-Sandbox: 0
            [6] => Content-Type: application/json
        )

    [10015] => {"marketplace_ids":["A13V1IB3VIYZZH","A1F83G8C2ARO7P"],"created_after":null,"created_before":null,"last_updated_after":null,"last_updated_before":null,"order_statuses":null,"fulfillment_channels":null,"amazon_order_ids":["206-1029448-5981111"],"max_results_per_page":100,"requester":{"php_version":"7.4.33","platform_version":"1.7.8.9","connector_version":"5.3.36","domain":"hyaluronicfillermarket.com","license":"pdAMAZON","seller_id":"A2XWU2BK4HBLR0","ip":""}}
)

10:44:25 > DEBUG > SP API: Response
Array
(
    [raw] => {
    "payload": {
        "Orders": [
            {
                "AmazonOrderId": "206-1029448-5981111",
                "PurchaseDate": "2024-04-10T09:51:55Z",
                "LastUpdateDate": "2024-04-10T23:19:44Z",
                "OrderStatus": "Unshipped",
                "FulfillmentChannel": "MFN",
                "SalesChannel": "Amazon.co.uk",
                "ShipServiceLevel": "Std UK Dom_3",
                "OrderTotal": {
                    "CurrencyCode": "GBP",
                    "Amount": "176.44"
                },
                "NumberOfItemsShipped": 0,
                "NumberOfItemsUnshipped": 2,
                "PaymentMethod": "Other",
                "PaymentMethodDetails": [
                    "Standard"
                ],
                "MarketplaceId": "A1F83G8C2ARO7P",
                "ShipmentServiceLevelCategory": "Standard",
                "OrderType": "StandardOrder",
                "EarliestShipDate": "2024-04-10T23:00:00Z",
                "LatestShipDate": "2024-04-11T22:59:59Z",
                "EarliestDeliveryDate": "2024-04-16T23:00:00Z",
                "LatestDeliveryDate": "2024-04-19T22:59:59Z",
                "IsBusinessOrder": false,
                "IsPrime": false,
                "IsPremiumOrder": false,
                "IsGlobalExpressEnabled": false,
                "IsReplacementOrder": false,
                "IsSoldByAB": false,
                "DefaultShipFromLocationAddress": {
                    "Name": "la pharmacie saint denis",
                    "AddressLine1": "28 rue saint denis",
                    "City": "colombes",
                    "PostalCode": "92700",
                    "CountryCode": "FR"
                },
                "IsISPU": false,
                "IsAccessPointOrder": false,
                "ShippingAddress": {
                    "Name": "Shirley Parsons-Holland",
                    "AddressLine1": "33 WAINGROVES RD",
                    "City": "WAINGROVES",
                    "County": "Derbyshire",
                    "PostalCode": "DE5 9TB",
                    "CountryCode": "GB",
                    "Phone": "07907825617",
                    "AddressType": "Residential"
                },
                "BuyerInfo": {
                    "BuyerEmail": "swsr24rfgxfy42s@marketplace.amazon.co.uk",
                    "BuyerName": "Shirley Parsons-Holland"
                },
                "AutomatedShippingSettings": {
                    "HasAutomatedShippingSettings": false
                },
                "HasRegulatedItems": false
            }
        ]
    }
}
)

10:44:25 > DEBUG > Get list request
Array
(
    [amazon_order_id] => 206-1029448-5981111
)

10:44:25 > DEBUG > SP API: Request
Array
(
    [10002] => https://mwsops.common-services.com/v201/
    [47] => 1
    [10018] => Common-Services/Amazon Marketplace (Language=PHP/7.4.33)
    [19913] => 1
    [78] => 20
    [13] => 60
    [45] => 1
    [52] => 1
    [68] => 10
    [10023] => Array
        (
            [0] => Cs-Platform: Prestashop
            [1] => Cs-Refresh-Token: Atzr|IwEBIO_-KrgSI4Mt79QiotO2PQYQ1V13vHGckEYmu_oSDxf_teWvBpvazI9zIyhClj-9NggIRwipybOYyFMBsMIANGu5rTP8qcrz0V94-4AXfDe2oEgkXPx6ZbEDKvNpuC8ZLkMKhMcaJHK-HzEq6i4F3GGs9j-r9JIkQHLeh3KLrPohVx5SzLQHxjyarG_sQ5biTr0_o1kjKlffHP4TNJAkeHUhrt8lVSJb6YpJHwYOhfO5OCHSMtwEcs8QDY3ijGjb2PCidzBvsg-DTsqIAvZ14My2TwnJetmgy9PkGEaUAtVHv-64eNVb-UwYBx2hxSSjK-dFfooAQA3tflzB5kAKOn7B
            [2] => Cs-Region: eu-west-1
            [3] => Cs-Seller-Id: A2XWU2BK4HBLR0
            [4] => Cs-Api-Type: getOrderItems
            [5] => Cs-Api-Sandbox: 0
            [6] => Content-Type: application/json
        )

    [10015] => {"amazon_order_id":"206-1029448-5981111","requester":{"php_version":"7.4.33","platform_version":"1.7.8.9","connector_version":"5.3.36","domain":"hyaluronicfillermarket.com","license":"pdAMAZON","seller_id":"A2XWU2BK4HBLR0","ip":""}}
)

10:44:26 > DEBUG > SP API: Response
Array
(
    [raw] => {
    "payload": {
        "OrderItems": [
            {
                "ASIN": "B08LGZ9ZH1",
                "SellerSKU": "86-T4RY-XUV2",
                "OrderItemId": "37299156601642",
                "Title": "Restylane Kysse",
                "QuantityOrdered": 2,
                "QuantityShipped": 0,
                "ProductInfo": {
                    "NumberOfItems": 1
                },
                "ItemPrice": {
                    "CurrencyCode": "GBP",
                    "Amount": "176.44"
                },
                "ItemTax": {
                    "CurrencyCode": "GBP",
                    "Amount": "0.00"
                },
                "PromotionDiscount": {
                    "CurrencyCode": "GBP",
                    "Amount": "0.00"
                },
                "PromotionDiscountTax": {
                    "CurrencyCode": "GBP",
                    "Amount": "0.00"
                },
                "IsGift": false,
                "ConditionId": "New",
                "ConditionSubtypeId": "New",
                "IsTransparency": false,
                "BuyerInfo": {},
                "BuyerRequestedCancel": {
                    "IsBuyerRequestedCancel": false,
                    "BuyerCancelReason": ""
                }
            }
        ],
        "AmazonOrderId": "206-1029448-5981111"
    }
}
)

10:44:30 > DEBUG > SP API: Request
Array
(
    [10002] => https://mwsops.common-services.com/v201/
    [47] => 1
    [10018] => Common-Services/Amazon Marketplace (Language=PHP/7.4.33)
    [19913] => 1
    [78] => 20
    [13] => 60
    [45] => 1
    [52] => 1
    [68] => 10
    [10023] => Array
        (
            [0] => Cs-Platform: Prestashop
            [1] => Cs-Refresh-Token: Atzr|IwEBIO_-KrgSI4Mt79QiotO2PQYQ1V13vHGckEYmu_oSDxf_teWvBpvazI9zIyhClj-9NggIRwipybOYyFMBsMIANGu5rTP8qcrz0V94-4AXfDe2oEgkXPx6ZbEDKvNpuC8ZLkMKhMcaJHK-HzEq6i4F3GGs9j-r9JIkQHLeh3KLrPohVx5SzLQHxjyarG_sQ5biTr0_o1kjKlffHP4TNJAkeHUhrt8lVSJb6YpJHwYOhfO5OCHSMtwEcs8QDY3ijGjb2PCidzBvsg-DTsqIAvZ14My2TwnJetmgy9PkGEaUAtVHv-64eNVb-UwYBx2hxSSjK-dFfooAQA3tflzB5kAKOn7B
            [2] => Cs-Region: eu-west-1
            [3] => Cs-Seller-Id: A2XWU2BK4HBLR0
            [4] => Cs-Api-Type: submitFeed
            [5] => Cs-Api-Sandbox: 0
            [6] => Content-Type: application/json
        )

    [10015] => {"marketplace_ids":["A1F83G8C2ARO7P"],"feed_type":"POST_ORDER_ACKNOWLEDGEMENT_DATA","feed_content":"<?xml version=\"1.0\"?>\n<AmazonEnvelope xmlns:xsi=\"http:\/\/www.w3.org\/2001\/XMLSchema-instance\" xsi:noNamespaceSchemaLocation=\"amzn-envelope.xsd\"><Header><DocumentVersion>1.01<\/DocumentVersion><MerchantIdentifier>A2XWU2BK4HBLR0<\/MerchantIdentifier><\/Header><MessageType>OrderAcknowledgement<\/MessageType><Message><MessageID>1<\/MessageID><OrderAcknowledgement><AmazonOrderID>206-1029448-5981111<\/AmazonOrderID><MerchantOrderID>32648<\/MerchantOrderID><StatusCode>Success<\/StatusCode><\/OrderAcknowledgement><\/Message><\/AmazonEnvelope>\n","feed_options":null,"feed_source":"","requester":{"php_version":"7.4.33","platform_version":"1.7.8.9","connector_version":"5.3.36","domain":"hyaluronicfillermarket.com","license":"pdAMAZON","seller_id":"A2XWU2BK4HBLR0","ip":""}}
)

10:44:31 > DEBUG > SP API: Response
Array
(
    [raw] => {
    "feedId": "50045019824"
}
)

10:44:31 > DEBUG > Importing order: 206-1029448-5981111
EU sale to other country: 1
Item price calculated: Array
(
    [0] => Item tax: AmazonOrderImportingPsTax Object
(
    [rate] => 0
    [id_tax_rules_group] => 54
    [id_tax] => 
)

    [1] => stdClass Object
(
    [active] => 
    [id_tax_rule] => 
    [id_country] => 
)

    [2] => Use tax: 1
    [3] => Is business order: 
    [4] => Item has tax: 
    [5] => EU sale to other country: 1
    [6] => Force calculate tax on business order: 
)

Shipping price directly from Amazon: Array
(
    [0] => Shipping tax: AmazonOrderImportingPrices Object
(
    [taxIncl] => 0
    [taxExcl] => 0
    [taxAmount] => 0
    [taxRate] => 0
    [consistent:protected] => 1
)

    [1] => stdClass Object
(
    [active] => 
    [id_tax_rule] => 
    [id_country] => 
)

)

The list before send acknowledge orders
[{"amz_id":"206-1029448-5981111","seller_id":32648,"mkp":"A1F83G8C2ARO7P"}]
Sending feed successfully. Type: OrderAcknowledge, ID: 50045019824. Feed content is in: 2024-04-11-50045019824
Cron import
{"orders":{"206-1029448-5981111":{"products":[{"SKU":"86-T4RY-XUV2","ASIN":"B08LGZ9ZH1","OrderItemId":"37299156601642","product":"Restylane Kysse","quantity":2,"currency":"GBP","price":"176,44\u00a0\u00a3","id_product":49,"id_product_attribute":null}],"link":"<a href=\"?tab=AdminOrders&id_order=32648&vieworder&token=41e8e8557e67017da5d3926ec56eb871\" title=\"\" target=\"_blank\" >206-1029448-5981111 (32648)<\/a>","merchant_order_id":32648,"marketplace":"A1F83G8C2ARO7P","status":true,"purchase_date":"2024-04-10T09:51:55Z"}},"count":1,"error":false,"errors":[],"warning":false,"warnings":[],"message":0,"messages":[]}

23:09:33 > DEBUG > Get list request
Array
(
    [marketplace_ids] => Array
        (
            [0] => A13V1IB3VIYZZH
            [1] => A1F83G8C2ARO7P
        )

    [created_after] => 
    [created_before] => 
    [last_updated_after] => 
    [last_updated_before] => 
    [order_statuses] => 
    [fulfillment_channels] => 
    [amazon_order_ids] => Array
        (
            [0] => 408-1879216-3118729
        )

    [max_results_per_page] => 100
)

23:09:33 > DEBUG > SP API: Request
Array
(
    [10002] => https://mwsops.common-services.com/v201/
    [47] => 1
    [10018] => Common-Services/Amazon Marketplace (Language=PHP/7.4.33)
    [19913] => 1
    [78] => 20
    [13] => 60
    [45] => 1
    [52] => 1
    [68] => 10
    [10023] => Array
        (
            [0] => Cs-Platform: Prestashop
            [1] => Cs-Refresh-Token: Atzr|IwEBIO_-KrgSI4Mt79QiotO2PQYQ1V13vHGckEYmu_oSDxf_teWvBpvazI9zIyhClj-9NggIRwipybOYyFMBsMIANGu5rTP8qcrz0V94-4AXfDe2oEgkXPx6ZbEDKvNpuC8ZLkMKhMcaJHK-HzEq6i4F3GGs9j-r9JIkQHLeh3KLrPohVx5SzLQHxjyarG_sQ5biTr0_o1kjKlffHP4TNJAkeHUhrt8lVSJb6YpJHwYOhfO5OCHSMtwEcs8QDY3ijGjb2PCidzBvsg-DTsqIAvZ14My2TwnJetmgy9PkGEaUAtVHv-64eNVb-UwYBx2hxSSjK-dFfooAQA3tflzB5kAKOn7B
            [2] => Cs-Region: eu-west-1
            [3] => Cs-Seller-Id: A2XWU2BK4HBLR0
            [4] => Cs-Api-Type: getOrders
            [5] => Cs-Api-Sandbox: 0
            [6] => Content-Type: application/json
        )

    [10015] => {"marketplace_ids":["A13V1IB3VIYZZH","A1F83G8C2ARO7P"],"created_after":null,"created_before":null,"last_updated_after":null,"last_updated_before":null,"order_statuses":null,"fulfillment_channels":null,"amazon_order_ids":["408-1879216-3118729"],"max_results_per_page":100,"requester":{"php_version":"7.4.33","platform_version":"1.7.8.9","connector_version":"5.3.36","domain":"hyaluronicfillermarket.com","license":"pdAMAZON","seller_id":"A2XWU2BK4HBLR0","ip":""}}
)

23:09:33 > DEBUG > SP API: Response
Array
(
    [raw] => {
    "payload": {
        "Orders": [
            {
                "AmazonOrderId": "408-1879216-3118729",
                "PurchaseDate": "2024-04-11T20:35:14Z",
                "LastUpdateDate": "2024-04-11T21:04:58Z",
                "OrderStatus": "Unshipped",
                "FulfillmentChannel": "MFN",
                "SalesChannel": "Amazon.fr",
                "ShipServiceLevel": "Std FR Dom_2",
                "OrderTotal": {
                    "CurrencyCode": "EUR",
                    "Amount": "110.00"
                },
                "NumberOfItemsShipped": 0,
                "NumberOfItemsUnshipped": 1,
                "PaymentMethod": "Other",
                "PaymentMethodDetails": [
                    "Standard"
                ],
                "MarketplaceId": "A13V1IB3VIYZZH",
                "ShipmentServiceLevelCategory": "Standard",
                "OrderType": "StandardOrder",
                "EarliestShipDate": "2024-04-11T22:00:00Z",
                "LatestShipDate": "2024-04-12T21:59:59Z",
                "EarliestDeliveryDate": "2024-04-15T22:00:00Z",
                "LatestDeliveryDate": "2024-04-16T21:59:59Z",
                "IsBusinessOrder": false,
                "IsPrime": false,
                "IsPremiumOrder": false,
                "IsGlobalExpressEnabled": false,
                "IsReplacementOrder": false,
                "IsSoldByAB": false,
                "DefaultShipFromLocationAddress": {
                    "Name": "la pharmacie saint denis",
                    "AddressLine1": "28 rue saint denis",
                    "City": "colombes",
                    "PostalCode": "92700",
                    "CountryCode": "FR"
                },
                "IsISPU": false,
                "IsAccessPointOrder": false,
                "ShippingAddress": {
                    "Name": "SUPERVILLE Beatrice",
                    "AddressLine1": "807 Quartier Font Vieilles",
                    "City": "Montfort Sur Argens",
                    "PostalCode": "83570",
                    "CountryCode": "FR",
                    "Phone": "0612474933",
                    "AddressType": "Residential"
                },
                "BuyerInfo": {
                    "BuyerEmail": "v8r4vt6n09nkxj9@marketplace.amazon.fr",
                    "BuyerName": "Beatrice A Superville"
                },
                "AutomatedShippingSettings": {
                    "HasAutomatedShippingSettings": true
                },
                "HasRegulatedItems": false
            }
        ]
    }
}
)

23:09:33 > DEBUG > Get list request
Array
(
    [amazon_order_id] => 408-1879216-3118729
)

23:09:33 > DEBUG > SP API: Request
Array
(
    [10002] => https://mwsops.common-services.com/v201/
    [47] => 1
    [10018] => Common-Services/Amazon Marketplace (Language=PHP/7.4.33)
    [19913] => 1
    [78] => 20
    [13] => 60
    [45] => 1
    [52] => 1
    [68] => 10
    [10023] => Array
        (
            [0] => Cs-Platform: Prestashop
            [1] => Cs-Refresh-Token: Atzr|IwEBIO_-KrgSI4Mt79QiotO2PQYQ1V13vHGckEYmu_oSDxf_teWvBpvazI9zIyhClj-9NggIRwipybOYyFMBsMIANGu5rTP8qcrz0V94-4AXfDe2oEgkXPx6ZbEDKvNpuC8ZLkMKhMcaJHK-HzEq6i4F3GGs9j-r9JIkQHLeh3KLrPohVx5SzLQHxjyarG_sQ5biTr0_o1kjKlffHP4TNJAkeHUhrt8lVSJb6YpJHwYOhfO5OCHSMtwEcs8QDY3ijGjb2PCidzBvsg-DTsqIAvZ14My2TwnJetmgy9PkGEaUAtVHv-64eNVb-UwYBx2hxSSjK-dFfooAQA3tflzB5kAKOn7B
            [2] => Cs-Region: eu-west-1
            [3] => Cs-Seller-Id: A2XWU2BK4HBLR0
            [4] => Cs-Api-Type: getOrderItems
            [5] => Cs-Api-Sandbox: 0
            [6] => Content-Type: application/json
        )

    [10015] => {"amazon_order_id":"408-1879216-3118729","requester":{"php_version":"7.4.33","platform_version":"1.7.8.9","connector_version":"5.3.36","domain":"hyaluronicfillermarket.com","license":"pdAMAZON","seller_id":"A2XWU2BK4HBLR0","ip":""}}
)

23:09:34 > DEBUG > SP API: Response
Array
(
    [raw] => {
    "payload": {
        "OrderItems": [
            {
                "ASIN": "B08LGZ9ZH1",
                "SellerSKU": "86-T4RY-XUV2",
                "OrderItemId": "37349842226402",
                "Title": "Resty lane Kysse",
                "QuantityOrdered": 1,
                "QuantityShipped": 0,
                "ProductInfo": {
                    "NumberOfItems": 1
                },
                "ItemPrice": {
                    "CurrencyCode": "EUR",
                    "Amount": "103.00"
                },
                "ShippingPrice": {
                    "CurrencyCode": "EUR",
                    "Amount": "7.00"
                },
                "ItemTax": {
                    "CurrencyCode": "EUR",
                    "Amount": "0.00"
                },
                "ShippingTax": {
                    "CurrencyCode": "EUR",
                    "Amount": "0.00"
                },
                "ShippingDiscount": {
                    "CurrencyCode": "EUR",
                    "Amount": "0.00"
                },
                "ShippingDiscountTax": {
                    "CurrencyCode": "EUR",
                    "Amount": "0.00"
                },
                "PromotionDiscount": {
                    "CurrencyCode": "EUR",
                    "Amount": "0.00"
                },
                "PromotionDiscountTax": {
                    "CurrencyCode": "EUR",
                    "Amount": "0.00"
                },
                "IsGift": false,
                "ConditionId": "New",
                "ConditionSubtypeId": "New",
                "IsTransparency": false,
                "BuyerInfo": {},
                "BuyerRequestedCancel": {
                    "IsBuyerRequestedCancel": false,
                    "BuyerCancelReason": ""
                }
            }
        ],
        "AmazonOrderId": "408-1879216-3118729"
    }
}
)

23:09:34 > DEBUG > Importing order: 408-1879216-3118729
Looking up state / region for zipcode: 83570, country id: 8
Not found any suitable state
Cron import
{"orders":{"408-1879216-3118729":{"status":false,"reason":"Unable to associate the carrier","purchase_date":"2024-04-11T20:35:14Z","marketplace":"A13V1IB3VIYZZH"}},"count":1,"error":true,"errors":["Unable to associate the carrier (Std FR Dom_2) for order #408-1879216-3118729<div class=\"support-msg\">Support en ligne trouv\u00e9 \u00e0 ce sujet, Cliquez sur ce lien pour obtenir un support: <a href=\"https:\/\/documentation.common-services.com\/amazonv5?p=474&lang=fr\" title=\"Documentation en ligne sur la marketplace Amazon pour Prestashop\" target=\"_blank\">https:\/\/documentation.common-services.com\/amazonv5?p=474&lang=fr<\/a>\n<\/div>"],"warning":false,"warnings":[],"message":0,"messages":[]}

23:10:52 > DEBUG > Get list request
Array
(
    [marketplace_ids] => Array
        (
            [0] => A13V1IB3VIYZZH
            [1] => A1F83G8C2ARO7P
        )

    [created_after] => 
    [created_before] => 
    [last_updated_after] => 
    [last_updated_before] => 
    [order_statuses] => 
    [fulfillment_channels] => 
    [amazon_order_ids] => Array
        (
            [0] => 408-1879216-3118729
        )

    [max_results_per_page] => 100
)

23:10:52 > DEBUG > SP API: Request
Array
(
    [10002] => https://mwsops.common-services.com/v201/
    [47] => 1
    [10018] => Common-Services/Amazon Marketplace (Language=PHP/7.4.33)
    [19913] => 1
    [78] => 20
    [13] => 60
    [45] => 1
    [52] => 1
    [68] => 10
    [10023] => Array
        (
            [0] => Cs-Platform: Prestashop
            [1] => Cs-Refresh-Token: Atzr|IwEBIO_-KrgSI4Mt79QiotO2PQYQ1V13vHGckEYmu_oSDxf_teWvBpvazI9zIyhClj-9NggIRwipybOYyFMBsMIANGu5rTP8qcrz0V94-4AXfDe2oEgkXPx6ZbEDKvNpuC8ZLkMKhMcaJHK-HzEq6i4F3GGs9j-r9JIkQHLeh3KLrPohVx5SzLQHxjyarG_sQ5biTr0_o1kjKlffHP4TNJAkeHUhrt8lVSJb6YpJHwYOhfO5OCHSMtwEcs8QDY3ijGjb2PCidzBvsg-DTsqIAvZ14My2TwnJetmgy9PkGEaUAtVHv-64eNVb-UwYBx2hxSSjK-dFfooAQA3tflzB5kAKOn7B
            [2] => Cs-Region: eu-west-1
            [3] => Cs-Seller-Id: A2XWU2BK4HBLR0
            [4] => Cs-Api-Type: getOrders
            [5] => Cs-Api-Sandbox: 0
            [6] => Content-Type: application/json
        )

    [10015] => {"marketplace_ids":["A13V1IB3VIYZZH","A1F83G8C2ARO7P"],"created_after":null,"created_before":null,"last_updated_after":null,"last_updated_before":null,"order_statuses":null,"fulfillment_channels":null,"amazon_order_ids":["408-1879216-3118729"],"max_results_per_page":100,"requester":{"php_version":"7.4.33","platform_version":"1.7.8.9","connector_version":"5.3.36","domain":"hyaluronicfillermarket.com","license":"pdAMAZON","seller_id":"A2XWU2BK4HBLR0","ip":""}}
)

23:10:52 > DEBUG > SP API: Response
Array
(
    [raw] => {
    "payload": {
        "Orders": [
            {
                "AmazonOrderId": "408-1879216-3118729",
                "PurchaseDate": "2024-04-11T20:35:14Z",
                "LastUpdateDate": "2024-04-11T21:04:58Z",
                "OrderStatus": "Unshipped",
                "FulfillmentChannel": "MFN",
                "SalesChannel": "Amazon.fr",
                "ShipServiceLevel": "Std FR Dom_2",
                "OrderTotal": {
                    "CurrencyCode": "EUR",
                    "Amount": "110.00"
                },
                "NumberOfItemsShipped": 0,
                "NumberOfItemsUnshipped": 1,
                "PaymentMethod": "Other",
                "PaymentMethodDetails": [
                    "Standard"
                ],
                "MarketplaceId": "A13V1IB3VIYZZH",
                "ShipmentServiceLevelCategory": "Standard",
                "OrderType": "StandardOrder",
                "EarliestShipDate": "2024-04-11T22:00:00Z",
                "LatestShipDate": "2024-04-12T21:59:59Z",
                "EarliestDeliveryDate": "2024-04-15T22:00:00Z",
                "LatestDeliveryDate": "2024-04-16T21:59:59Z",
                "IsBusinessOrder": false,
                "IsPrime": false,
                "IsPremiumOrder": false,
                "IsGlobalExpressEnabled": false,
                "IsReplacementOrder": false,
                "IsSoldByAB": false,
                "DefaultShipFromLocationAddress": {
                    "Name": "la pharmacie saint denis",
                    "AddressLine1": "28 rue saint denis",
                    "City": "colombes",
                    "PostalCode": "92700",
                    "CountryCode": "FR"
                },
                "IsISPU": false,
                "IsAccessPointOrder": false,
                "ShippingAddress": {
                    "Name": "SUPERVILLE Beatrice",
                    "AddressLine1": "807 Quartier Font Vieilles",
                    "City": "Montfort Sur Argens",
                    "PostalCode": "83570",
                    "CountryCode": "FR",
                    "Phone": "0612474933",
                    "AddressType": "Residential"
                },
                "BuyerInfo": {
                    "BuyerEmail": "v8r4vt6n09nkxj9@marketplace.amazon.fr",
                    "BuyerName": "Beatrice A Superville"
                },
                "AutomatedShippingSettings": {
                    "HasAutomatedShippingSettings": true
                },
                "HasRegulatedItems": false
            }
        ]
    }
}
)

23:10:53 > DEBUG > Get list request
Array
(
    [amazon_order_id] => 408-1879216-3118729
)

23:10:53 > DEBUG > SP API: Request
Array
(
    [10002] => https://mwsops.common-services.com/v201/
    [47] => 1
    [10018] => Common-Services/Amazon Marketplace (Language=PHP/7.4.33)
    [19913] => 1
    [78] => 20
    [13] => 60
    [45] => 1
    [52] => 1
    [68] => 10
    [10023] => Array
        (
            [0] => Cs-Platform: Prestashop
            [1] => Cs-Refresh-Token: Atzr|IwEBIO_-KrgSI4Mt79QiotO2PQYQ1V13vHGckEYmu_oSDxf_teWvBpvazI9zIyhClj-9NggIRwipybOYyFMBsMIANGu5rTP8qcrz0V94-4AXfDe2oEgkXPx6ZbEDKvNpuC8ZLkMKhMcaJHK-HzEq6i4F3GGs9j-r9JIkQHLeh3KLrPohVx5SzLQHxjyarG_sQ5biTr0_o1kjKlffHP4TNJAkeHUhrt8lVSJb6YpJHwYOhfO5OCHSMtwEcs8QDY3ijGjb2PCidzBvsg-DTsqIAvZ14My2TwnJetmgy9PkGEaUAtVHv-64eNVb-UwYBx2hxSSjK-dFfooAQA3tflzB5kAKOn7B
            [2] => Cs-Region: eu-west-1
            [3] => Cs-Seller-Id: A2XWU2BK4HBLR0
            [4] => Cs-Api-Type: getOrderItems
            [5] => Cs-Api-Sandbox: 0
            [6] => Content-Type: application/json
        )

    [10015] => {"amazon_order_id":"408-1879216-3118729","requester":{"php_version":"7.4.33","platform_version":"1.7.8.9","connector_version":"5.3.36","domain":"hyaluronicfillermarket.com","license":"pdAMAZON","seller_id":"A2XWU2BK4HBLR0","ip":""}}
)

23:10:53 > DEBUG > SP API: Response
Array
(
    [raw] => {
    "payload": {
        "OrderItems": [
            {
                "ASIN": "B08LGZ9ZH1",
                "SellerSKU": "86-T4RY-XUV2",
                "OrderItemId": "37349842226402",
                "Title": "Resty lane Kysse",
                "QuantityOrdered": 1,
                "QuantityShipped": 0,
                "ProductInfo": {
                    "NumberOfItems": 1
                },
                "ItemPrice": {
                    "CurrencyCode": "EUR",
                    "Amount": "103.00"
                },
                "ShippingPrice": {
                    "CurrencyCode": "EUR",
                    "Amount": "7.00"
                },
                "ItemTax": {
                    "CurrencyCode": "EUR",
                    "Amount": "0.00"
                },
                "ShippingTax": {
                    "CurrencyCode": "EUR",
                    "Amount": "0.00"
                },
                "ShippingDiscount": {
                    "CurrencyCode": "EUR",
                    "Amount": "0.00"
                },
                "ShippingDiscountTax": {
                    "CurrencyCode": "EUR",
                    "Amount": "0.00"
                },
                "PromotionDiscount": {
                    "CurrencyCode": "EUR",
                    "Amount": "0.00"
                },
                "PromotionDiscountTax": {
                    "CurrencyCode": "EUR",
                    "Amount": "0.00"
                },
                "IsGift": false,
                "ConditionId": "New",
                "ConditionSubtypeId": "New",
                "IsTransparency": false,
                "BuyerInfo": {},
                "BuyerRequestedCancel": {
                    "IsBuyerRequestedCancel": false,
                    "BuyerCancelReason": ""
                }
            }
        ],
        "AmazonOrderId": "408-1879216-3118729"
    }
}
)

23:10:58 > DEBUG > SP API: Request
Array
(
    [10002] => https://mwsops.common-services.com/v201/
    [47] => 1
    [10018] => Common-Services/Amazon Marketplace (Language=PHP/7.4.33)
    [19913] => 1
    [78] => 20
    [13] => 60
    [45] => 1
    [52] => 1
    [68] => 10
    [10023] => Array
        (
            [0] => Cs-Platform: Prestashop
            [1] => Cs-Refresh-Token: Atzr|IwEBIO_-KrgSI4Mt79QiotO2PQYQ1V13vHGckEYmu_oSDxf_teWvBpvazI9zIyhClj-9NggIRwipybOYyFMBsMIANGu5rTP8qcrz0V94-4AXfDe2oEgkXPx6ZbEDKvNpuC8ZLkMKhMcaJHK-HzEq6i4F3GGs9j-r9JIkQHLeh3KLrPohVx5SzLQHxjyarG_sQ5biTr0_o1kjKlffHP4TNJAkeHUhrt8lVSJb6YpJHwYOhfO5OCHSMtwEcs8QDY3ijGjb2PCidzBvsg-DTsqIAvZ14My2TwnJetmgy9PkGEaUAtVHv-64eNVb-UwYBx2hxSSjK-dFfooAQA3tflzB5kAKOn7B
            [2] => Cs-Region: eu-west-1
            [3] => Cs-Seller-Id: A2XWU2BK4HBLR0
            [4] => Cs-Api-Type: submitFeed
            [5] => Cs-Api-Sandbox: 0
            [6] => Content-Type: application/json
        )

    [10015] => {"marketplace_ids":["A13V1IB3VIYZZH"],"feed_type":"POST_ORDER_ACKNOWLEDGEMENT_DATA","feed_content":"<?xml version=\"1.0\"?>\n<AmazonEnvelope xmlns:xsi=\"http:\/\/www.w3.org\/2001\/XMLSchema-instance\" xsi:noNamespaceSchemaLocation=\"amzn-envelope.xsd\"><Header><DocumentVersion>1.01<\/DocumentVersion><MerchantIdentifier>A2XWU2BK4HBLR0<\/MerchantIdentifier><\/Header><MessageType>OrderAcknowledgement<\/MessageType><Message><MessageID>1<\/MessageID><OrderAcknowledgement><AmazonOrderID>408-1879216-3118729<\/AmazonOrderID><MerchantOrderID>32681<\/MerchantOrderID><StatusCode>Success<\/StatusCode><\/OrderAcknowledgement><\/Message><\/AmazonEnvelope>\n","feed_options":null,"feed_source":"","requester":{"php_version":"7.4.33","platform_version":"1.7.8.9","connector_version":"5.3.36","domain":"hyaluronicfillermarket.com","license":"pdAMAZON","seller_id":"A2XWU2BK4HBLR0","ip":""}}
)

23:10:59 > DEBUG > SP API: Response
Array
(
    [raw] => {
    "feedId": "50046019824"
}
)

23:10:59 > DEBUG > Importing order: 408-1879216-3118729
EU sale to other country: 
Item price calculated: Array
(
    [0] => Item tax: AmazonOrderImportingPsTax Object
(
    [rate] => 20
    [id_tax_rules_group] => 54
    [id_tax] => 
)

    [1] => stdClass Object
(
    [active] => 
    [id_tax_rule] => 
    [id_country] => 
)

    [2] => Use tax: 1
    [3] => Is business order: 
    [4] => Item has tax: 
    [5] => EU sale to other country: 
    [6] => Force calculate tax on business order: 
)

Shipping price directly from Amazon: Array
(
    [0] => Shipping tax: AmazonOrderImportingPrices Object
(
    [taxIncl] => 7
    [taxExcl] => 5.83
    [taxAmount] => 0
    [taxRate] => 20
    [consistent:protected] => 1
)

    [1] => stdClass Object
(
    [active] => 
    [id_tax_rule] => 
    [id_country] => 
)

)

The list before send acknowledge orders
[{"amz_id":"408-1879216-3118729","seller_id":32681,"mkp":"A13V1IB3VIYZZH"}]
Sending feed successfully. Type: OrderAcknowledge, ID: 50046019824. Feed content is in: 2024-04-11-50046019824
Cron import
{"orders":{"408-1879216-3118729":{"products":[{"SKU":"86-T4RY-XUV2","ASIN":"B08LGZ9ZH1","OrderItemId":"37349842226402","product":"Resty lane Kysse","quantity":1,"currency":"EUR","price":"103,00\u00a0\u20ac","id_product":49,"id_product_attribute":null}],"link":"<a href=\"?tab=AdminOrders&id_order=32681&vieworder&token=41e8e8557e67017da5d3926ec56eb871\" title=\"\" target=\"_blank\" >408-1879216-3118729 (32681)<\/a>","merchant_order_id":32681,"marketplace":"A13V1IB3VIYZZH","status":true,"purchase_date":"2024-04-11T20:35:14Z"}},"count":1,"error":false,"errors":[],"warning":false,"warnings":[],"message":0,"messages":[]}

