14:27:48 > DEBUG > SP API: Request
Array
(
    [10002] => https://mwsops.common-services.com/v201/
    [47] => 1
    [10018] => Common-Services/Amazon Marketplace (Language=PHP/7.4.33)
    [19913] => 1
    [78] => 20
    [13] => 60
    [45] => 1
    [52] => 1
    [68] => 10
    [10023] => Array
        (
            [0] => Cs-Platform: Prestashop
            [1] => Cs-Refresh-Token: Atzr|IwEBIO_-KrgSI4Mt79QiotO2PQYQ1V13vHGckEYmu_oSDxf_teWvBpvazI9zIyhClj-9NggIRwipybOYyFMBsMIANGu5rTP8qcrz0V94-4AXfDe2oEgkXPx6ZbEDKvNpuC8ZLkMKhMcaJHK-HzEq6i4F3GGs9j-r9JIkQHLeh3KLrPohVx5SzLQHxjyarG_sQ5biTr0_o1kjKlffHP4TNJAkeHUhrt8lVSJb6YpJHwYOhfO5OCHSMtwEcs8QDY3ijGjb2PCidzBvsg-DTsqIAvZ14My2TwnJetmgy9PkGEaUAtVHv-64eNVb-UwYBx2hxSSjK-dFfooAQA3tflzB5kAKOn7B
            [2] => Cs-Region: eu-west-1
            [3] => Cs-Seller-Id: A2XWU2BK4HBLR0
            [4] => Cs-Api-Type: searchCatalogItems
            [5] => Cs-Api-Sandbox: 0
            [6] => Content-Type: application/json
        )

    [10015] => {"marketplace_ids":["A13V1IB3VIYZZH"],"identifiers":["4005800276767"],"identifiers_type":"EAN","seller_id":null,"included_data":["summaries"],"page_size":20,"requester":{"php_version":"7.4.33","platform_version":"1.7.8.9","connector_version":"5.3.36","domain":"hyaluronicfillermarket.com","license":"pdAMAZON","seller_id":"A2XWU2BK4HBLR0","ip":""}}
)

14:27:49 > DEBUG > SP API: Response
Array
(
    [raw] => {
    "numberOfResults": 1,
    "items": [
        {
            "asin": "B0B4T4SXZ3",
            "summaries": [
                {
                    "marketplaceId": "A13V1IB3VIYZZH",
                    "adultProduct": false,
                    "autographed": false,
                    "brand": "Eucerin",
                    "browseClassification": {
                        "displayName": "Soin de jour",
                        "classificationId": "2953197031"
                    },
                    "itemClassification": "BASE_PRODUCT",
                    "itemName": "Eucerin Hyaluron-Filler S\u00e9rum Perfecteur de Peau 30 ml",
                    "manufacturer": "Eucerin",
                    "memorabilia": false,
                    "modelNumber": "141076",
                    "packageQuantity": 1,
                    "partNumber": "4005800276767",
                    "tradeInEligible": false,
                    "websiteDisplayGroup": "beauty_display_on_website",
                    "websiteDisplayGroupName": "Beauty"
                }
            ]
        }
    ]
}
)

