22:47:35 > DEBUG > Get list request
Array
(
    [marketplace_ids] => Array
        (
            [0] => A13V1IB3VIYZZH
        )

    [created_after] => 2024-03-29T23:00:00Z
    [created_before] => 2024-04-01T20:32:35Z
    [last_updated_after] => 
    [last_updated_before] => 
    [order_statuses] => Unshipped
    [fulfillment_channels] => Array
        (
            [0] => AFN
            [1] => MFN
        )

    [amazon_order_ids] => 
    [max_results_per_page] => 100
)

22:47:35 > DEBUG > SP API: Request
Array
(
    [10002] => https://mwsops.common-services.com/v201/
    [47] => 1
    [10018] => Common-Services/Amazon Marketplace (Language=PHP/7.4.33)
    [19913] => 1
    [78] => 20
    [13] => 60
    [45] => 1
    [52] => 1
    [68] => 10
    [10023] => Array
        (
            [0] => Cs-Platform: Prestashop
            [1] => Cs-Refresh-Token: Atzr|IwEBIO_-KrgSI4Mt79QiotO2PQYQ1V13vHGckEYmu_oSDxf_teWvBpvazI9zIyhClj-9NggIRwipybOYyFMBsMIANGu5rTP8qcrz0V94-4AXfDe2oEgkXPx6ZbEDKvNpuC8ZLkMKhMcaJHK-HzEq6i4F3GGs9j-r9JIkQHLeh3KLrPohVx5SzLQHxjyarG_sQ5biTr0_o1kjKlffHP4TNJAkeHUhrt8lVSJb6YpJHwYOhfO5OCHSMtwEcs8QDY3ijGjb2PCidzBvsg-DTsqIAvZ14My2TwnJetmgy9PkGEaUAtVHv-64eNVb-UwYBx2hxSSjK-dFfooAQA3tflzB5kAKOn7B
            [2] => Cs-Region: eu-west-1
            [3] => Cs-Seller-Id: A2XWU2BK4HBLR0
            [4] => Cs-Api-Type: getOrders
            [5] => Cs-Api-Sandbox: 0
            [6] => Content-Type: application/json
        )

    [10015] => {"marketplace_ids":["A13V1IB3VIYZZH"],"created_after":"2024-03-29T23:00:00Z","created_before":"2024-04-01T20:32:35Z","last_updated_after":null,"last_updated_before":null,"order_statuses":"Unshipped","fulfillment_channels":["AFN","MFN"],"amazon_order_ids":null,"max_results_per_page":100,"requester":{"php_version":"7.4.33","platform_version":"1.7.8.9","connector_version":"5.3.36","domain":"hyaluronicfillermarket.com","license":"pdAMAZON","seller_id":"A2XWU2BK4HBLR0","ip":""}}
)

22:47:36 > DEBUG > SP API: Response
Array
(
    [raw] => {
    "payload": {
        "Orders": [
            {
                "AmazonOrderId": "171-1783175-0246720",
                "PurchaseDate": "2024-04-01T19:10:44Z",
                "LastUpdateDate": "2024-04-01T19:46:29Z",
                "OrderStatus": "Unshipped",
                "FulfillmentChannel": "MFN",
                "SalesChannel": "Amazon.fr",
                "ShipServiceLevel": "Std FR Dom_1",
                "OrderTotal": {
                    "CurrencyCode": "EUR",
                    "Amount": "110.00"
                },
                "NumberOfItemsShipped": 0,
                "NumberOfItemsUnshipped": 1,
                "PaymentMethod": "Other",
                "PaymentMethodDetails": [
                    "Standard"
                ],
                "MarketplaceId": "A13V1IB3VIYZZH",
                "ShipmentServiceLevelCategory": "Standard",
                "OrderType": "StandardOrder",
                "EarliestShipDate": "2024-04-01T22:00:00Z",
                "LatestShipDate": "2024-04-02T21:59:59Z",
                "EarliestDeliveryDate": "2024-04-03T22:00:00Z",
                "LatestDeliveryDate": "2024-04-05T21:59:59Z",
                "IsBusinessOrder": false,
                "IsPrime": false,
                "IsPremiumOrder": false,
                "IsGlobalExpressEnabled": false,
                "IsReplacementOrder": false,
                "IsSoldByAB": false,
                "DefaultShipFromLocationAddress": {
                    "Name": "la pharmacie saint denis",
                    "AddressLine1": "28 rue saint denis",
                    "City": "colombes",
                    "PostalCode": "92700",
                    "CountryCode": "FR"
                },
                "IsISPU": false,
                "IsAccessPointOrder": false,
                "ShippingAddress": {
                    "Name": "hector veronique",
                    "AddressLine1": "735 B Chemin du Mas d'Avon",
                    "AddressLine2": "Double portail gris",
                    "City": "Aigues Mortes",
                    "PostalCode": "30220",
                    "CountryCode": "FR",
                    "Phone": "0666861627",
                    "AddressType": "Residential"
                },
                "BuyerInfo": {
                    "BuyerEmail": "gl9mhbpxvd2b3nc@marketplace.amazon.fr",
                    "BuyerName": "hector veronique"
                },
                "AutomatedShippingSettings": {
                    "HasAutomatedShippingSettings": true
                },
                "HasRegulatedItems": false
            }
        ],
        "CreatedBefore": "2024-04-01T20:32:35Z"
    }
}
)

