09:12:11 > DEBUG > Get list request
Array
(
    [marketplace_ids] => Array
        (
            [0] => A13V1IB3VIYZZH
            [1] => A1F83G8C2ARO7P
        )

    [created_after] => 2024-05-10T22:00:00Z
    [created_before] => 2024-05-13T06:57:11Z
    [last_updated_after] => 
    [last_updated_before] => 
    [order_statuses] => Unshipped
    [fulfillment_channels] => Array
        (
            [0] => AFN
            [1] => MFN
        )

    [amazon_order_ids] => 
    [max_results_per_page] => 100
)

09:12:11 > DEBUG > SP API: Request
Array
(
    [10002] => https://mwsops.common-services.com/v201/
    [47] => 1
    [10018] => Common-Services/Amazon Marketplace (Language=PHP/7.4.33)
    [19913] => 1
    [78] => 20
    [13] => 60
    [45] => 1
    [52] => 1
    [68] => 10
    [10023] => Array
        (
            [0] => Cs-Platform: Prestashop
            [1] => Cs-Refresh-Token: Atzr|IwEBIO_-KrgSI4Mt79QiotO2PQYQ1V13vHGckEYmu_oSDxf_teWvBpvazI9zIyhClj-9NggIRwipybOYyFMBsMIANGu5rTP8qcrz0V94-4AXfDe2oEgkXPx6ZbEDKvNpuC8ZLkMKhMcaJHK-HzEq6i4F3GGs9j-r9JIkQHLeh3KLrPohVx5SzLQHxjyarG_sQ5biTr0_o1kjKlffHP4TNJAkeHUhrt8lVSJb6YpJHwYOhfO5OCHSMtwEcs8QDY3ijGjb2PCidzBvsg-DTsqIAvZ14My2TwnJetmgy9PkGEaUAtVHv-64eNVb-UwYBx2hxSSjK-dFfooAQA3tflzB5kAKOn7B
            [2] => Cs-Region: eu-west-1
            [3] => Cs-Seller-Id: A2XWU2BK4HBLR0
            [4] => Cs-Api-Type: getOrders
            [5] => Cs-Api-Sandbox: 0
            [6] => Content-Type: application/json
        )

    [10015] => {"marketplace_ids":["A13V1IB3VIYZZH","A1F83G8C2ARO7P"],"created_after":"2024-05-10T22:00:00Z","created_before":"2024-05-13T06:57:11Z","last_updated_after":null,"last_updated_before":null,"order_statuses":"Unshipped","fulfillment_channels":["AFN","MFN"],"amazon_order_ids":null,"max_results_per_page":100,"requester":{"php_version":"7.4.33","platform_version":"1.7.8.9","connector_version":"5.3.36","domain":"hyaluronicfillermarket.com","license":"pdAMAZON","seller_id":"A2XWU2BK4HBLR0","ip":""}}
)

09:12:12 > DEBUG > SP API: Response
Array
(
    [raw] => {
    "payload": {
        "Orders": [
            {
                "AmazonOrderId": "405-8061885-3090747",
                "PurchaseDate": "2024-05-11T13:06:18Z",
                "LastUpdateDate": "2024-05-11T13:34:38Z",
                "OrderStatus": "Unshipped",
                "FulfillmentChannel": "MFN",
                "SalesChannel": "Amazon.fr",
                "ShipServiceLevel": "Std FR Dom_2",
                "OrderTotal": {
                    "CurrencyCode": "EUR",
                    "Amount": "242.21"
                },
                "NumberOfItemsShipped": 0,
                "NumberOfItemsUnshipped": 1,
                "PaymentMethod": "Other",
                "PaymentMethodDetails": [
                    "Standard"
                ],
                "MarketplaceId": "A13V1IB3VIYZZH",
                "ShipmentServiceLevelCategory": "Standard",
                "OrderType": "StandardOrder",
                "EarliestShipDate": "2024-05-12T22:00:00Z",
                "LatestShipDate": "2024-05-13T21:59:59Z",
                "EarliestDeliveryDate": "2024-05-15T22:00:00Z",
                "LatestDeliveryDate": "2024-05-16T21:59:59Z",
                "IsBusinessOrder": false,
                "IsPrime": false,
                "IsPremiumOrder": false,
                "IsGlobalExpressEnabled": false,
                "IsReplacementOrder": false,
                "IsSoldByAB": false,
                "DefaultShipFromLocationAddress": {
                    "Name": "la pharmacie saint denis",
                    "AddressLine1": "28 rue saint denis",
                    "City": "colombes",
                    "PostalCode": "92700",
                    "CountryCode": "FR"
                },
                "IsISPU": false,
                "IsAccessPointOrder": false,
                "ShippingAddress": {
                    "Name": "Tatiana TRIMARCHI",
                    "AddressLine1": "939, Chemin de Donicarde",
                    "AddressLine2": "7 clot du Vallon",
                    "City": "La Seyne-sur-Mer",
                    "PostalCode": "83500",
                    "CountryCode": "FR",
                    "Phone": "0661871797",
                    "AddressType": "Residential"
                },
                "BuyerInfo": {
                    "BuyerEmail": "pqhhzww7vrfjtjv@marketplace.amazon.fr",
                    "BuyerName": "Trimarchi Tatiana"
                },
                "AutomatedShippingSettings": {
                    "HasAutomatedShippingSettings": true,
                    "AutomatedCarrier": "GLS FR",
                    "AutomatedShipMethod": "GLS Flex"
                },
                "HasRegulatedItems": false
            }
        ],
        "CreatedBefore": "2024-05-13T06:57:11Z"
    }
}
)

09:12:21 > DEBUG > Get list request
Array
(
    [marketplace_ids] => Array
        (
            [0] => A13V1IB3VIYZZH
            [1] => A1F83G8C2ARO7P
        )

    [created_after] => 2024-04-30T22:00:00Z
    [created_before] => 2024-05-13T06:57:21Z
    [last_updated_after] => 
    [last_updated_before] => 
    [order_statuses] => Unshipped
    [fulfillment_channels] => Array
        (
            [0] => AFN
            [1] => MFN
        )

    [amazon_order_ids] => 
    [max_results_per_page] => 100
)

09:12:21 > DEBUG > SP API: Request
Array
(
    [10002] => https://mwsops.common-services.com/v201/
    [47] => 1
    [10018] => Common-Services/Amazon Marketplace (Language=PHP/7.4.33)
    [19913] => 1
    [78] => 20
    [13] => 60
    [45] => 1
    [52] => 1
    [68] => 10
    [10023] => Array
        (
            [0] => Cs-Platform: Prestashop
            [1] => Cs-Refresh-Token: Atzr|IwEBIO_-KrgSI4Mt79QiotO2PQYQ1V13vHGckEYmu_oSDxf_teWvBpvazI9zIyhClj-9NggIRwipybOYyFMBsMIANGu5rTP8qcrz0V94-4AXfDe2oEgkXPx6ZbEDKvNpuC8ZLkMKhMcaJHK-HzEq6i4F3GGs9j-r9JIkQHLeh3KLrPohVx5SzLQHxjyarG_sQ5biTr0_o1kjKlffHP4TNJAkeHUhrt8lVSJb6YpJHwYOhfO5OCHSMtwEcs8QDY3ijGjb2PCidzBvsg-DTsqIAvZ14My2TwnJetmgy9PkGEaUAtVHv-64eNVb-UwYBx2hxSSjK-dFfooAQA3tflzB5kAKOn7B
            [2] => Cs-Region: eu-west-1
            [3] => Cs-Seller-Id: A2XWU2BK4HBLR0
            [4] => Cs-Api-Type: getOrders
            [5] => Cs-Api-Sandbox: 0
            [6] => Content-Type: application/json
        )

    [10015] => {"marketplace_ids":["A13V1IB3VIYZZH","A1F83G8C2ARO7P"],"created_after":"2024-04-30T22:00:00Z","created_before":"2024-05-13T06:57:21Z","last_updated_after":null,"last_updated_before":null,"order_statuses":"Unshipped","fulfillment_channels":["AFN","MFN"],"amazon_order_ids":null,"max_results_per_page":100,"requester":{"php_version":"7.4.33","platform_version":"1.7.8.9","connector_version":"5.3.36","domain":"hyaluronicfillermarket.com","license":"pdAMAZON","seller_id":"A2XWU2BK4HBLR0","ip":""}}
)

09:12:23 > DEBUG > SP API: Response
Array
(
    [raw] => {
    "payload": {
        "Orders": [
            {
                "AmazonOrderId": "204-2052939-5692353",
                "PurchaseDate": "2024-05-10T13:06:12Z",
                "LastUpdateDate": "2024-05-10T23:14:51Z",
                "OrderStatus": "Unshipped",
                "FulfillmentChannel": "MFN",
                "SalesChannel": "Amazon.co.uk",
                "ShipServiceLevel": "Std UK Dom_3",
                "OrderTotal": {
                    "CurrencyCode": "GBP",
                    "Amount": "120.00"
                },
                "NumberOfItemsShipped": 0,
                "NumberOfItemsUnshipped": 1,
                "PaymentMethod": "Other",
                "PaymentMethodDetails": [
                    "Standard"
                ],
                "MarketplaceId": "A1F83G8C2ARO7P",
                "ShipmentServiceLevelCategory": "Standard",
                "OrderType": "StandardOrder",
                "EarliestShipDate": "2024-05-12T23:00:00Z",
                "LatestShipDate": "2024-05-13T22:59:59Z",
                "EarliestDeliveryDate": "2024-05-17T23:00:00Z",
                "LatestDeliveryDate": "2024-05-21T22:59:59Z",
                "IsBusinessOrder": false,
                "IsPrime": false,
                "IsPremiumOrder": false,
                "IsGlobalExpressEnabled": false,
                "IsReplacementOrder": false,
                "IsSoldByAB": false,
                "DefaultShipFromLocationAddress": {
                    "Name": "la pharmacie saint denis",
                    "AddressLine1": "28 rue saint denis",
                    "City": "colombes",
                    "PostalCode": "92700",
                    "CountryCode": "FR"
                },
                "IsISPU": false,
                "IsAccessPointOrder": false,
                "ShippingAddress": {
                    "Name": "Raquel Corney",
                    "AddressLine1": "RAQUELSALON",
                    "AddressLine2": "78 BROOK DRIVE",
                    "City": "LONDON",
                    "County": "Kennington",
                    "PostalCode": "SE11 4TS",
                    "CountryCode": "GB",
                    "Phone": "07838213480"
                },
                "BuyerInfo": {
                    "BuyerEmail": "9rfw9mcrh6rkqyk@marketplace.amazon.co.uk",
                    "BuyerName": "Raquel Corney"
                },
                "AutomatedShippingSettings": {
                    "HasAutomatedShippingSettings": false
                },
                "HasRegulatedItems": false
            },
            {
                "AmazonOrderId": "205-7824622-7337115",
                "PurchaseDate": "2024-05-10T17:22:31Z",
                "LastUpdateDate": "2024-05-10T17:52:52Z",
                "OrderStatus": "Unshipped",
                "FulfillmentChannel": "MFN",
                "SalesChannel": "Amazon.co.uk",
                "ShipServiceLevel": "Std UK Dom_3",
                "OrderTotal": {
                    "CurrencyCode": "GBP",
                    "Amount": "67.65"
                },
                "NumberOfItemsShipped": 0,
                "NumberOfItemsUnshipped": 1,
                "PaymentMethod": "Other",
                "PaymentMethodDetails": [
                    "Standard"
                ],
                "MarketplaceId": "A1F83G8C2ARO7P",
                "ShipmentServiceLevelCategory": "Standard",
                "OrderType": "StandardOrder",
                "EarliestShipDate": "2024-05-12T23:00:00Z",
                "LatestShipDate": "2024-05-13T22:59:59Z",
                "EarliestDeliveryDate": "2024-05-17T23:00:00Z",
                "LatestDeliveryDate": "2024-05-21T22:59:59Z",
                "IsBusinessOrder": false,
                "IsPrime": false,
                "IsPremiumOrder": false,
                "IsGlobalExpressEnabled": false,
                "IsReplacementOrder": false,
                "IsSoldByAB": false,
                "DefaultShipFromLocationAddress": {
                    "Name": "la pharmacie saint denis",
                    "AddressLine1": "28 rue saint denis",
                    "City": "colombes",
                    "PostalCode": "92700",
                    "CountryCode": "FR"
                },
                "IsISPU": false,
                "IsAccessPointOrder": false,
                "ShippingAddress": {
                    "Name": "Karina Stach",
                    "AddressLine1": "61",
                    "AddressLine2": "JUPITER DRIVE",
                    "City": "HEMEL HEMPSTEAD",
                    "StateOrRegion": "England",
                    "PostalCode": "HP2 5QL",
                    "CountryCode": "GB",
                    "Phone": "07956794239",
                    "AddressType": "Residential"
                },
                "BuyerInfo": {
                    "BuyerEmail": "42qwzl4twcx91cb@marketplace.amazon.co.uk",
                    "BuyerName": "Karina stach"
                },
                "AutomatedShippingSettings": {
                    "HasAutomatedShippingSettings": false
                },
                "HasRegulatedItems": false
            },
            {
                "AmazonOrderId": "405-8061885-3090747",
                "PurchaseDate": "2024-05-11T13:06:18Z",
                "LastUpdateDate": "2024-05-11T13:34:38Z",
                "OrderStatus": "Unshipped",
                "FulfillmentChannel": "MFN",
                "SalesChannel": "Amazon.fr",
                "ShipServiceLevel": "Std FR Dom_2",
                "OrderTotal": {
                    "CurrencyCode": "EUR",
                    "Amount": "242.21"
                },
                "NumberOfItemsShipped": 0,
                "NumberOfItemsUnshipped": 1,
                "PaymentMethod": "Other",
                "PaymentMethodDetails": [
                    "Standard"
                ],
                "MarketplaceId": "A13V1IB3VIYZZH",
                "ShipmentServiceLevelCategory": "Standard",
                "OrderType": "StandardOrder",
                "EarliestShipDate": "2024-05-12T22:00:00Z",
                "LatestShipDate": "2024-05-13T21:59:59Z",
                "EarliestDeliveryDate": "2024-05-15T22:00:00Z",
                "LatestDeliveryDate": "2024-05-16T21:59:59Z",
                "IsBusinessOrder": false,
                "IsPrime": false,
                "IsPremiumOrder": false,
                "IsGlobalExpressEnabled": false,
                "IsReplacementOrder": false,
                "IsSoldByAB": false,
                "DefaultShipFromLocationAddress": {
                    "Name": "la pharmacie saint denis",
                    "AddressLine1": "28 rue saint denis",
                    "City": "colombes",
                    "PostalCode": "92700",
                    "CountryCode": "FR"
                },
                "IsISPU": false,
                "IsAccessPointOrder": false,
                "ShippingAddress": {
                    "Name": "Tatiana TRIMARCHI",
                    "AddressLine1": "939, Chemin de Donicarde",
                    "AddressLine2": "7 clot du Vallon",
                    "City": "La Seyne-sur-Mer",
                    "PostalCode": "83500",
                    "CountryCode": "FR",
                    "Phone": "0661871797",
                    "AddressType": "Residential"
                },
                "BuyerInfo": {
                    "BuyerEmail": "pqhhzww7vrfjtjv@marketplace.amazon.fr",
                    "BuyerName": "Trimarchi Tatiana"
                },
                "AutomatedShippingSettings": {
                    "HasAutomatedShippingSettings": true,
                    "AutomatedCarrier": "GLS FR",
                    "AutomatedShipMethod": "GLS Flex"
                },
                "HasRegulatedItems": false
            }
        ],
        "CreatedBefore": "2024-05-13T06:57:21Z"
    }
}
)

09:21:08 > DEBUG > Get list request
Array
(
    [marketplace_ids] => Array
        (
            [0] => A13V1IB3VIYZZH
            [1] => A1F83G8C2ARO7P
        )

    [created_after] => 2024-05-10T22:00:00Z
    [created_before] => 2024-05-13T07:06:08Z
    [last_updated_after] => 
    [last_updated_before] => 
    [order_statuses] => Unshipped
    [fulfillment_channels] => Array
        (
            [0] => AFN
            [1] => MFN
        )

    [amazon_order_ids] => 
    [max_results_per_page] => 100
)

09:21:08 > DEBUG > SP API: Request
Array
(
    [10002] => https://mwsops.common-services.com/v201/
    [47] => 1
    [10018] => Common-Services/Amazon Marketplace (Language=PHP/7.4.33)
    [19913] => 1
    [78] => 20
    [13] => 60
    [45] => 1
    [52] => 1
    [68] => 10
    [10023] => Array
        (
            [0] => Cs-Platform: Prestashop
            [1] => Cs-Refresh-Token: Atzr|IwEBIO_-KrgSI4Mt79QiotO2PQYQ1V13vHGckEYmu_oSDxf_teWvBpvazI9zIyhClj-9NggIRwipybOYyFMBsMIANGu5rTP8qcrz0V94-4AXfDe2oEgkXPx6ZbEDKvNpuC8ZLkMKhMcaJHK-HzEq6i4F3GGs9j-r9JIkQHLeh3KLrPohVx5SzLQHxjyarG_sQ5biTr0_o1kjKlffHP4TNJAkeHUhrt8lVSJb6YpJHwYOhfO5OCHSMtwEcs8QDY3ijGjb2PCidzBvsg-DTsqIAvZ14My2TwnJetmgy9PkGEaUAtVHv-64eNVb-UwYBx2hxSSjK-dFfooAQA3tflzB5kAKOn7B
            [2] => Cs-Region: eu-west-1
            [3] => Cs-Seller-Id: A2XWU2BK4HBLR0
            [4] => Cs-Api-Type: getOrders
            [5] => Cs-Api-Sandbox: 0
            [6] => Content-Type: application/json
        )

    [10015] => {"marketplace_ids":["A13V1IB3VIYZZH","A1F83G8C2ARO7P"],"created_after":"2024-05-10T22:00:00Z","created_before":"2024-05-13T07:06:08Z","last_updated_after":null,"last_updated_before":null,"order_statuses":"Unshipped","fulfillment_channels":["AFN","MFN"],"amazon_order_ids":null,"max_results_per_page":100,"requester":{"php_version":"7.4.33","platform_version":"1.7.8.9","connector_version":"5.3.36","domain":"hyaluronicfillermarket.com","license":"pdAMAZON","seller_id":"A2XWU2BK4HBLR0","ip":""}}
)

09:21:08 > DEBUG > SP API: Response
Array
(
    [raw] => {
    "payload": {
        "Orders": [
            {
                "AmazonOrderId": "405-8061885-3090747",
                "SellerOrderId": "33674",
                "PurchaseDate": "2024-05-11T13:06:18Z",
                "LastUpdateDate": "2024-05-13T07:13:58Z",
                "OrderStatus": "Unshipped",
                "FulfillmentChannel": "MFN",
                "SalesChannel": "Amazon.fr",
                "ShipServiceLevel": "Std FR Dom_2",
                "OrderTotal": {
                    "CurrencyCode": "EUR",
                    "Amount": "242.21"
                },
                "NumberOfItemsShipped": 0,
                "NumberOfItemsUnshipped": 1,
                "PaymentMethod": "Other",
                "PaymentMethodDetails": [
                    "Standard"
                ],
                "MarketplaceId": "A13V1IB3VIYZZH",
                "ShipmentServiceLevelCategory": "Standard",
                "OrderType": "StandardOrder",
                "EarliestShipDate": "2024-05-12T22:00:00Z",
                "LatestShipDate": "2024-05-13T21:59:59Z",
                "EarliestDeliveryDate": "2024-05-15T22:00:00Z",
                "LatestDeliveryDate": "2024-05-16T21:59:59Z",
                "IsBusinessOrder": false,
                "IsPrime": false,
                "IsPremiumOrder": false,
                "IsGlobalExpressEnabled": false,
                "IsReplacementOrder": false,
                "IsSoldByAB": false,
                "DefaultShipFromLocationAddress": {
                    "Name": "la pharmacie saint denis",
                    "AddressLine1": "28 rue saint denis",
                    "City": "colombes",
                    "PostalCode": "92700",
                    "CountryCode": "FR"
                },
                "IsISPU": false,
                "IsAccessPointOrder": false,
                "ShippingAddress": {
                    "Name": "Tatiana TRIMARCHI",
                    "AddressLine1": "939, Chemin de Donicarde",
                    "AddressLine2": "7 clot du Vallon",
                    "City": "La Seyne-sur-Mer",
                    "PostalCode": "83500",
                    "CountryCode": "FR",
                    "Phone": "0661871797",
                    "AddressType": "Residential"
                },
                "BuyerInfo": {
                    "BuyerEmail": "pqhhzww7vrfjtjv@marketplace.amazon.fr",
                    "BuyerName": "Trimarchi Tatiana"
                },
                "AutomatedShippingSettings": {
                    "HasAutomatedShippingSettings": true,
                    "AutomatedCarrier": "GLS FR",
                    "AutomatedShipMethod": "GLS Flex"
                },
                "HasRegulatedItems": false
            }
        ],
        "CreatedBefore": "2024-05-13T07:06:08Z"
    }
}
)

09:21:27 > DEBUG > Get list request
Array
(
    [marketplace_ids] => Array
        (
            [0] => A13V1IB3VIYZZH
            [1] => A1F83G8C2ARO7P
        )

    [created_after] => 2024-04-30T22:00:00Z
    [created_before] => 2024-05-13T07:06:26Z
    [last_updated_after] => 
    [last_updated_before] => 
    [order_statuses] => Unshipped
    [fulfillment_channels] => Array
        (
            [0] => AFN
            [1] => MFN
        )

    [amazon_order_ids] => 
    [max_results_per_page] => 100
)

09:21:27 > DEBUG > SP API: Request
Array
(
    [10002] => https://mwsops.common-services.com/v201/
    [47] => 1
    [10018] => Common-Services/Amazon Marketplace (Language=PHP/7.4.33)
    [19913] => 1
    [78] => 20
    [13] => 60
    [45] => 1
    [52] => 1
    [68] => 10
    [10023] => Array
        (
            [0] => Cs-Platform: Prestashop
            [1] => Cs-Refresh-Token: Atzr|IwEBIO_-KrgSI4Mt79QiotO2PQYQ1V13vHGckEYmu_oSDxf_teWvBpvazI9zIyhClj-9NggIRwipybOYyFMBsMIANGu5rTP8qcrz0V94-4AXfDe2oEgkXPx6ZbEDKvNpuC8ZLkMKhMcaJHK-HzEq6i4F3GGs9j-r9JIkQHLeh3KLrPohVx5SzLQHxjyarG_sQ5biTr0_o1kjKlffHP4TNJAkeHUhrt8lVSJb6YpJHwYOhfO5OCHSMtwEcs8QDY3ijGjb2PCidzBvsg-DTsqIAvZ14My2TwnJetmgy9PkGEaUAtVHv-64eNVb-UwYBx2hxSSjK-dFfooAQA3tflzB5kAKOn7B
            [2] => Cs-Region: eu-west-1
            [3] => Cs-Seller-Id: A2XWU2BK4HBLR0
            [4] => Cs-Api-Type: getOrders
            [5] => Cs-Api-Sandbox: 0
            [6] => Content-Type: application/json
        )

    [10015] => {"marketplace_ids":["A13V1IB3VIYZZH","A1F83G8C2ARO7P"],"created_after":"2024-04-30T22:00:00Z","created_before":"2024-05-13T07:06:26Z","last_updated_after":null,"last_updated_before":null,"order_statuses":"Unshipped","fulfillment_channels":["AFN","MFN"],"amazon_order_ids":null,"max_results_per_page":100,"requester":{"php_version":"7.4.33","platform_version":"1.7.8.9","connector_version":"5.3.36","domain":"hyaluronicfillermarket.com","license":"pdAMAZON","seller_id":"A2XWU2BK4HBLR0","ip":""}}
)

09:21:27 > DEBUG > SP API: Response
Array
(
    [raw] => {
    "payload": {
        "Orders": [
            {
                "AmazonOrderId": "204-2052939-5692353",
                "SellerOrderId": "33673",
                "PurchaseDate": "2024-05-10T13:06:12Z",
                "LastUpdateDate": "2024-05-13T07:13:44Z",
                "OrderStatus": "Unshipped",
                "FulfillmentChannel": "MFN",
                "SalesChannel": "Amazon.co.uk",
                "ShipServiceLevel": "Std UK Dom_3",
                "OrderTotal": {
                    "CurrencyCode": "GBP",
                    "Amount": "120.00"
                },
                "NumberOfItemsShipped": 0,
                "NumberOfItemsUnshipped": 1,
                "PaymentMethod": "Other",
                "PaymentMethodDetails": [
                    "Standard"
                ],
                "MarketplaceId": "A1F83G8C2ARO7P",
                "ShipmentServiceLevelCategory": "Standard",
                "OrderType": "StandardOrder",
                "EarliestShipDate": "2024-05-12T23:00:00Z",
                "LatestShipDate": "2024-05-13T22:59:59Z",
                "EarliestDeliveryDate": "2024-05-17T23:00:00Z",
                "LatestDeliveryDate": "2024-05-21T22:59:59Z",
                "IsBusinessOrder": false,
                "IsPrime": false,
                "IsPremiumOrder": false,
                "IsGlobalExpressEnabled": false,
                "IsReplacementOrder": false,
                "IsSoldByAB": false,
                "DefaultShipFromLocationAddress": {
                    "Name": "la pharmacie saint denis",
                    "AddressLine1": "28 rue saint denis",
                    "City": "colombes",
                    "PostalCode": "92700",
                    "CountryCode": "FR"
                },
                "IsISPU": false,
                "IsAccessPointOrder": false,
                "ShippingAddress": {
                    "Name": "Raquel Corney",
                    "AddressLine1": "RAQUELSALON",
                    "AddressLine2": "78 BROOK DRIVE",
                    "City": "LONDON",
                    "County": "Kennington",
                    "PostalCode": "SE11 4TS",
                    "CountryCode": "GB",
                    "Phone": "07838213480"
                },
                "BuyerInfo": {
                    "BuyerEmail": "9rfw9mcrh6rkqyk@marketplace.amazon.co.uk",
                    "BuyerName": "Raquel Corney"
                },
                "AutomatedShippingSettings": {
                    "HasAutomatedShippingSettings": false
                },
                "HasRegulatedItems": false
            },
            {
                "AmazonOrderId": "205-7824622-7337115",
                "PurchaseDate": "2024-05-10T17:22:31Z",
                "LastUpdateDate": "2024-05-10T17:52:52Z",
                "OrderStatus": "Unshipped",
                "FulfillmentChannel": "MFN",
                "SalesChannel": "Amazon.co.uk",
                "ShipServiceLevel": "Std UK Dom_3",
                "OrderTotal": {
                    "CurrencyCode": "GBP",
                    "Amount": "67.65"
                },
                "NumberOfItemsShipped": 0,
                "NumberOfItemsUnshipped": 1,
                "PaymentMethod": "Other",
                "PaymentMethodDetails": [
                    "Standard"
                ],
                "MarketplaceId": "A1F83G8C2ARO7P",
                "ShipmentServiceLevelCategory": "Standard",
                "OrderType": "StandardOrder",
                "EarliestShipDate": "2024-05-12T23:00:00Z",
                "LatestShipDate": "2024-05-13T22:59:59Z",
                "EarliestDeliveryDate": "2024-05-17T23:00:00Z",
                "LatestDeliveryDate": "2024-05-21T22:59:59Z",
                "IsBusinessOrder": false,
                "IsPrime": false,
                "IsPremiumOrder": false,
                "IsGlobalExpressEnabled": false,
                "IsReplacementOrder": false,
                "IsSoldByAB": false,
                "DefaultShipFromLocationAddress": {
                    "Name": "la pharmacie saint denis",
                    "AddressLine1": "28 rue saint denis",
                    "City": "colombes",
                    "PostalCode": "92700",
                    "CountryCode": "FR"
                },
                "IsISPU": false,
                "IsAccessPointOrder": false,
                "ShippingAddress": {
                    "Name": "Karina Stach",
                    "AddressLine1": "61",
                    "AddressLine2": "JUPITER DRIVE",
                    "City": "HEMEL HEMPSTEAD",
                    "StateOrRegion": "England",
                    "PostalCode": "HP2 5QL",
                    "CountryCode": "GB",
                    "Phone": "07956794239",
                    "AddressType": "Residential"
                },
                "BuyerInfo": {
                    "BuyerEmail": "42qwzl4twcx91cb@marketplace.amazon.co.uk",
                    "BuyerName": "Karina stach"
                },
                "AutomatedShippingSettings": {
                    "HasAutomatedShippingSettings": false
                },
                "HasRegulatedItems": false
            },
            {
                "AmazonOrderId": "405-8061885-3090747",
                "SellerOrderId": "33674",
                "PurchaseDate": "2024-05-11T13:06:18Z",
                "LastUpdateDate": "2024-05-13T07:13:58Z",
                "OrderStatus": "Unshipped",
                "FulfillmentChannel": "MFN",
                "SalesChannel": "Amazon.fr",
                "ShipServiceLevel": "Std FR Dom_2",
                "OrderTotal": {
                    "CurrencyCode": "EUR",
                    "Amount": "242.21"
                },
                "NumberOfItemsShipped": 0,
                "NumberOfItemsUnshipped": 1,
                "PaymentMethod": "Other",
                "PaymentMethodDetails": [
                    "Standard"
                ],
                "MarketplaceId": "A13V1IB3VIYZZH",
                "ShipmentServiceLevelCategory": "Standard",
                "OrderType": "StandardOrder",
                "EarliestShipDate": "2024-05-12T22:00:00Z",
                "LatestShipDate": "2024-05-13T21:59:59Z",
                "EarliestDeliveryDate": "2024-05-15T22:00:00Z",
                "LatestDeliveryDate": "2024-05-16T21:59:59Z",
                "IsBusinessOrder": false,
                "IsPrime": false,
                "IsPremiumOrder": false,
                "IsGlobalExpressEnabled": false,
                "IsReplacementOrder": false,
                "IsSoldByAB": false,
                "DefaultShipFromLocationAddress": {
                    "Name": "la pharmacie saint denis",
                    "AddressLine1": "28 rue saint denis",
                    "City": "colombes",
                    "PostalCode": "92700",
                    "CountryCode": "FR"
                },
                "IsISPU": false,
                "IsAccessPointOrder": false,
                "ShippingAddress": {
                    "Name": "Tatiana TRIMARCHI",
                    "AddressLine1": "939, Chemin de Donicarde",
                    "AddressLine2": "7 clot du Vallon",
                    "City": "La Seyne-sur-Mer",
                    "PostalCode": "83500",
                    "CountryCode": "FR",
                    "Phone": "0661871797",
                    "AddressType": "Residential"
                },
                "BuyerInfo": {
                    "BuyerEmail": "pqhhzww7vrfjtjv@marketplace.amazon.fr",
                    "BuyerName": "Trimarchi Tatiana"
                },
                "AutomatedShippingSettings": {
                    "HasAutomatedShippingSettings": true,
                    "AutomatedCarrier": "GLS FR",
                    "AutomatedShipMethod": "GLS Flex"
                },
                "HasRegulatedItems": false
            }
        ],
        "CreatedBefore": "2024-05-13T07:06:26Z"
    }
}
)

